SQLPARSER_0 {
	global:
		sqlparser_version_string;
		sqlparser_libpg_query_tag;
		sqlparser_statement_kind_name;
		sqlparser_insert_source_kind_name;
		sqlparser_value_kind_name;
		sqlparser_bind_kind_name;
		sqlparser_literal_kind_name;
		sqlparser_selector_kind_name;
		sqlparser_dialect_name;
		sqlparser_bool_operator_name;
		sqlparser_clause_kind_name;
		sqlparser_limits_default;
		sqlparser_parse_options_default;
		sqlparser_parse;
		sqlparser_parse_with_limits;
		sqlparser_parse_with_options;
		sqlparser_handle_destroy;
		sqlparser_original_sql;
		sqlparser_handle_dialect;
		sqlparser_statement_count;
		sqlparser_statement_kind;
		sqlparser_statement_node_name;
		sqlparser_statement_target_relation;
		sqlparser_statement_relation_count;
		sqlparser_statement_relation;
		sqlparser_statement_set_relation_name;
		sqlparser_statement_name_count;
		sqlparser_statement_name;
		sqlparser_statement_set_name;
		sqlparser_insert_source_kind;
		sqlparser_insert_column_count;
		sqlparser_insert_column_name;
		sqlparser_insert_row_count;
		sqlparser_insert_cell_literal;
		sqlparser_insert_set_cell_literal;
		sqlparser_insert_cell_sql;
		sqlparser_insert_set_cell_sql;
		sqlparser_select_target_list_count;
		sqlparser_select_target_count;
		sqlparser_select_target_sql;
		sqlparser_select_set_target_sql;
		sqlparser_select_set_targets_sql;
		sqlparser_select_insert_target_sql;
		sqlparser_select_delete_target;
		sqlparser_update_assignment_count;
		sqlparser_update_assignment;
		sqlparser_update_set_assignment_literal;
		sqlparser_update_assignment_sql;
		sqlparser_update_set_assignment_sql;
		sqlparser_update_insert_assignment_sql;
		sqlparser_update_delete_assignment;
		sqlparser_update_set_assignment_full_sql;
		sqlparser_statement_where_literal_count;
		sqlparser_statement_where_literal;
		sqlparser_statement_where_set_literal;
		sqlparser_statement_where_count;
		sqlparser_statement_clause_count;
		sqlparser_statement_clause;
		sqlparser_statement_clause_sql;
		sqlparser_statement_set_clause_sql;
		sqlparser_statement_append_clause_condition;
		sqlparser_statement_where_sql;
		sqlparser_statement_set_where_sql;
		sqlparser_statement_append_where_sql;
		sqlparser_statement_literal_count;
		sqlparser_statement_literal;
		sqlparser_statement_set_literal;
		sqlparser_selector_parse;
		sqlparser_selector_format;
		sqlparser_selector_relation;
		sqlparser_selector_set_relation_name;
		sqlparser_selector_name;
		sqlparser_selector_set_name;
		sqlparser_selector_literal;
		sqlparser_selector_set_literal;
		sqlparser_selector_where_literal;
		sqlparser_selector_set_where_literal;
		sqlparser_selector_where_sql;
		sqlparser_selector_set_where_sql;
		sqlparser_selector_append_where_sql;
		sqlparser_selector_clause;
		sqlparser_selector_clause_sql;
		sqlparser_selector_set_clause_sql;
		sqlparser_selector_append_clause_condition;
		sqlparser_selector_update_assignment;
		sqlparser_selector_set_update_assignment_literal;
		sqlparser_selector_update_assignment_sql;
		sqlparser_selector_set_update_assignment_sql;
		sqlparser_selector_insert_update_assignment_sql;
		sqlparser_selector_delete_update_assignment;
		sqlparser_selector_set_update_assignment_full_sql;
		sqlparser_selector_insert_cell_literal;
		sqlparser_selector_set_insert_cell_literal;
		sqlparser_selector_insert_cell_sql;
		sqlparser_selector_set_insert_cell_sql;
		sqlparser_selector_select_target_sql;
		sqlparser_selector_set_select_target_sql;
		sqlparser_selector_set_select_targets_sql;
		sqlparser_get_view;
		sqlparser_view_statement_at;
		sqlparser_statement_keyword_at;
		sqlparser_statement_clause_at;
		sqlparser_clause_sql;
		sqlparser_statement_object_at;
		sqlparser_object_column_at;
		sqlparser_column_value_at;
		sqlparser_object_row_at;
		sqlparser_row_cell_at;
		sqlparser_value_sql;
		sqlparser_cell_sql;
		sqlparser_export_view_json;
		sqlparser_apply_patch;
		sqlparser_deparse;
		sqlparser_string_free;
	local:
		*;
};
